DEBUG C1 <class 'pcbnew.FOOTPRINT'> <class 'pcbnew.PADS'>
DEBUG C2 <class 'pcbnew.FOOTPRINT'> <class 'pcbnew.PADS'>
DEBUG C3 <class 'pcbnew.FOOTPRINT'> <class 'pcbnew.PADS'>
DEBUG C4 <class 'pcbnew.FOOTPRINT'> <class 'pcbnew.PADS'>
DEBUG C5 <class 'pcbnew.FOOTPRINT'> <class 'pcbnew.PADS'>
DEBUG C6 <class 'pcbnew.FOOTPRINT'> <class 'pcbnew.PADS'>
DEBUG C7 <class 'pcbnew.FOOTPRINT'> <class 'pcbnew.PADS'>
DEBUG C8 <class 'pcbnew.FOOTPRINT'> <class 'pcbnew.PADS'>
DEBUG C9 <class 'pcbnew.FOOTPRINT'> <class 'pcbnew.PADS'>
DEBUG C11 <class 'pcbnew.FOOTPRINT'> <class 'pcbnew.PADS'>
DEBUG J1 <class 'pcbnew.FOOTPRINT'> <class 'pcbnew.PADS'>
DEBUG J2 <class 'pcbnew.FOOTPRINT'> <class 'pcbnew.PADS'>
DEBUG J3 <class 'pcbnew.FOOTPRINT'> <class 'pcbnew.PADS'>
DEBUG L1 <class 'pcbnew.FOOTPRINT'> <class 'pcbnew.PADS'>
DEBUG L2 <class 'pcbnew.FOOTPRINT'> <class 'pcbnew.PADS'>
DEBUG Q1 <class 'pcbnew.FOOTPRINT'> <class 'pcbnew.PADS'>
DEBUG R1 <class 'pcbnew.FOOTPRINT'> <class 'pcbnew.PADS'>
DEBUG R2 <class 'pcbnew.FOOTPRINT'> <class 'pcbnew.PADS'>
DEBUG R3 <class 'pcbnew.FOOTPRINT'> <class 'pcbnew.PADS'>
DEBUG R4 <class 'pcbnew.FOOTPRINT'> <class 'pcbnew.PADS'>
DEBUG R5 <class 'pcbnew.FOOTPRINT'> <class 'pcbnew.PADS'>
DEBUG R8 <class 'pcbnew.FOOTPRINT'> <class 'pcbnew.PADS'>
DEBUG R9 <class 'pcbnew.FOOTPRINT'> <class 'pcbnew.PADS'>
DEBUG R10 <class 'pcbnew.FOOTPRINT'> <class 'pcbnew.PADS'>
DEBUG R11 <class 'pcbnew.FOOTPRINT'> <class 'pcbnew.PADS'>
DEBUG R12 <class 'pcbnew.FOOTPRINT'> <class 'pcbnew.PADS'>
DEBUG R13 <class 'pcbnew.FOOTPRINT'> <class 'pcbnew.PADS'>
DEBUG RV1 <class 'pcbnew.FOOTPRINT'> <class 'pcbnew.PADS'>
DEBUG SC1 <class 'pcbnew.FOOTPRINT'> <class 'pcbnew.PADS'>
DEBUG SW1 <class 'pcbnew.FOOTPRINT'> <class 'pcbnew.PADS'>
DEBUG SW2 <class 'pcbnew.FOOTPRINT'> <class 'pcbnew.PADS'>
DEBUG U1 <class 'pcbnew.FOOTPRINT'> <class 'pcbnew.PADS'>
DEBUG U2 <class 'pcbnew.FOOTPRINT'> <class 'pcbnew.PADS'>
DEBUG U3 <class 'pcbnew.FOOTPRINT'> <class 'pcbnew.PADS'>
DEBUG C10 <class 'pcbnew.FOOTPRINT'> <class 'pcbnew.PADS'>
DEBUG C12 <class 'pcbnew.FOOTPRINT'> <class 'pcbnew.PADS'>
DEBUG R14 <class 'pcbnew.FOOTPRINT'> <class 'pcbnew.PADS'>
DEBUG R15 <class 'pcbnew.FOOTPRINT'> <class 'pcbnew.PADS'>
DEBUG R16 <class 'pcbnew.FOOTPRINT'> <class 'pcbnew.PADS'>
DEBUG J4 <class 'pcbnew.FOOTPRINT'> <class 'pcbnew.PADS'>
DEBUG U4 <class 'pcbnew.FOOTPRINT'> <class 'pcbnew.PADS'>
Placed 41 footprints; deliberate routes saved.
